// Jest Snapshot v1, https://goo.gl/fbAQLP

exports[`CharacterList component renders CharacterList 1`] = `
<DocumentFragment>
  <ul>
    <li>
      <div>
        <a
          href="/detail/12345"
        >
          <img
            alt="Test"
            src="http://placecage.com/200/200"
          />
        </a>
        <h2>
          Test
        </h2>
      </div>
    </li>
  </ul>
</DocumentFragment>
`;
